// Jest Snapshot v1, https://goo.gl/fbAQLP

exports[`StudentCard should match the shapshot 1`] = `
<div>
  <div
    className="title"
  >
    Student Details
  </div>
  <div
    className="student-card"
  >
    <div>
      <div
        className="block"
      >
        <div
          className="sub-title"
        >
          Student ID
        </div>
        <div
          className="data"
        >
          7395508
        </div>
      </div>
      <div
        className="block"
      >
        <div
          className="sub-title"
        >
          Student Name
        </div>
        <div
          className="data"
        >
          Adam Tam
        </div>
      </div>
      <div
        className="block"
      >
        <div
          className="sub-title"
        >
          School Name
        </div>
        <div
          className="data"
        >
          New Visions HS
        </div>
      </div>
      <div
        className="block"
      >
        <div
          className="sub-title"
        >
          School ID
        </div>
        <div
          className="data"
        >
          123XYZ
        </div>
      </div>
      <div
        className="block"
      >
        <div
          className="sub-title"
        >
          District
        </div>
        <div
          className="data"
        >
          1A
        </div>
      </div>
      <div
        className="block"
      >
        <div
          className="sub-title"
        >
          Email
        </div>
        <div
          className="data"
        >
          adam.tam@newvisionshs.org
        </div>
      </div>
      <div
        className="block"
      >
        <div
          className="sub-title"
        >
          Grade
        </div>
        <div
          className="data"
        >
          11
        </div>
      </div>
      <div
        className="block"
      >
        <div
          className="sub-title"
        >
          Cohort
        </div>
        <div
          className="data"
        >
          2020
        </div>
      </div>
      <div
        className="block"
      >
        <div
          className="sub-title"
        >
          Attendance Percentage
        </div>
        <div
          className="data"
        >
          78.07
        </div>
      </div>
    </div>
    <div>
      <div
        className="block"
      >
        <div
          className="sub-title"
        >
          Guidance Counselor
        </div>
        <div
          className="data"
        >
          Kent, Clark
        </div>
      </div>
      <div
        className="block"
      >
        <div
          className="sub-title"
        >
          Guidance Counselor Email
        </div>
        <div
          className="data"
        >
          kent.clark@newvisionshs.org
        </div>
      </div>
      <div
        className="block"
      >
        <div
          className="sub-title"
        >
          Home Phone Number
        </div>
        <div
          className="data"
        >
          917-590-3079
        </div>
      </div>
      <div
        className="block"
      >
        <div
          className="sub-title"
        >
          Advisor
        </div>
        <div
          className="data"
        >
          Kyle, Selina
        </div>
      </div>
      <div
        className="block"
      >
        <div
          className="sub-title"
        >
          Official Class
        </div>
        <div
          className="data"
        >
          345
        </div>
      </div>
      <div
        className="block"
      >
        <div
          className="sub-title"
        >
          Total Credits Earned
        </div>
        <div
          className="data"
        >
          24
        </div>
      </div>
      <div
        className="block"
      >
        <div
          className="sub-title"
        >
          Has Passed Regents
        </div>
        <div
          className="data"
        >
          YES
        </div>
      </div>
      <div
        className="block"
      >
        <div
          className="sub-title"
        >
          Status
        </div>
        <div
          className="data"
        >
          Active
        </div>
      </div>
      <div
        className="block"
      >
        <div
          className="sub-title"
        >
          Admin Date
        </div>
        <div
          className="data"
        >
          Sept 2016
        </div>
      </div>
    </div>
  </div>
</div>
`;
